aleksey@aleksey-VirtualBox:~$ sudo apt install docker
[sudo] пароль для aleksey: 
Чтение списков пакетов… Готово
Построение дерева зависимостей       
Чтение информации о состоянии… Готово
Следующие пакеты устанавливались автоматически и больше не требуются:
  geoip-database libgeoip1 libnginx-mod-http-image-filter
  libnginx-mod-http-xslt-filter libnginx-mod-mail libnginx-mod-stream
  libnginx-mod-stream-geoip nginx-common nginx-core
Для их удаления используйте «sudo apt autoremove».
Будут установлены следующие дополнительные пакеты:
  wmdocker
Следующие НОВЫЕ пакеты будут установлены:
  docker wmdocker
Обновлено 0 пакетов, установлено 2 новых пакетов, для удаления отмечено 0 пакетов, и 202 пакетов не обновлено.
Необходимо скачать 14,3 kB архивов.
После данной операции объём занятого дискового пространства возрастёт на 58,4 kB.
Хотите продолжить? [Д/н] y
Пол:1 http://ru.archive.ubuntu.com/ubuntu focal/universe amd64 wmdocker amd64 1.5-2 [13,0 kB]
Пол:2 http://ru.archive.ubuntu.com/ubuntu focal/universe amd64 docker all 1.5-2 [1 316 B]
Получено 14,3 kB за 1с (27,5 kB/s)
Выбор ранее не выбранного пакета wmdocker.
(Чтение базы данных … на данный момент установлено 187724 файла и каталога.)
Подготовка к распаковке …/wmdocker_1.5-2_amd64.deb …
Распаковывается wmdocker (1.5-2) …
Выбор ранее не выбранного пакета docker.
Подготовка к распаковке …/archives/docker_1.5-2_all.deb …
Распаковывается docker (1.5-2) …
Настраивается пакет wmdocker (1.5-2) …
Настраивается пакет docker (1.5-2) …
Обрабатываются триггеры для man-db (2.9.1-1) …

aleksey@aleksey-VirtualBox:~$ sudo apt install docker.io -y
Чтение списков пакетов… Готово
Построение дерева зависимостей       
Чтение информации о состоянии… Готово
Следующие пакеты устанавливались автоматически и больше не требуются:
  geoip-database libgeoip1 libnginx-mod-http-image-filter
  libnginx-mod-http-xslt-filter libnginx-mod-mail libnginx-mod-stream
  libnginx-mod-stream-geoip nginx-common nginx-core
Для их удаления используйте «sudo apt autoremove».
Будут установлены следующие дополнительные пакеты:
  bridge-utils containerd git git-man liberror-perl pigz runc ubuntu-fan
Предлагаемые пакеты:
  ifupdown aufs-tools btrfs-progs cgroupfs-mount | cgroup-lite debootstrap
  docker-doc rinse zfs-fuse | zfsutils git-daemon-run | git-daemon-sysvinit
  git-doc git-el git-email git-gui gitk gitweb git-cvs git-mediawiki git-svn
Следующие НОВЫЕ пакеты будут установлены:
  bridge-utils containerd docker.io git git-man liberror-perl pigz runc
  ubuntu-fan
Обновлено 0 пакетов, установлено 9 новых пакетов, для удаления отмечено 0 пакетов, и 202 пакетов не обновлено.
Необходимо скачать 79,5 MB архивов.
После данной операции объём занятого дискового пространства возрастёт на 397 MB.
Пол:1 http://ru.archive.ubuntu.com/ubuntu focal/universe amd64 pigz amd64 2.4-1 [57,4 kB]
Пол:2 http://ru.archive.ubuntu.com/ubuntu focal/main amd64 bridge-utils amd64 1.6-2ubuntu1 [30,5 kB]
Пол:3 http://ru.archive.ubuntu.com/ubuntu focal-updates/main amd64 runc amd64 1.0.0~rc95-0ubuntu1~20.04.2 [4 087 kB]
Пол:4 http://ru.archive.ubuntu.com/ubuntu focal-updates/main amd64 containerd amd64 1.5.2-0ubuntu1~20.04.2 [32,9 MB]
Пол:5 http://ru.archive.ubuntu.com/ubuntu focal-updates/universe amd64 docker.io amd64 20.10.7-0ubuntu1~20.04.1 [36,9 MB]
Пол:6 http://ru.archive.ubuntu.com/ubuntu focal/main amd64 liberror-perl all 0.17029-1 [26,5 kB]
Пол:7 http://ru.archive.ubuntu.com/ubuntu focal-updates/main amd64 git-man all 1:2.25.1-1ubuntu3.1 [884 kB]
Пол:8 http://ru.archive.ubuntu.com/ubuntu focal-updates/main amd64 git amd64 1:2.25.1-1ubuntu3.1 [4 557 kB]
Пол:9 http://ru.archive.ubuntu.com/ubuntu focal/main amd64 ubuntu-fan all 0.12.13 [34,5 kB]
Получено 79,5 MB за 35с (2 244 kB/s)                                          
Предварительная настройка пакетов …
Выбор ранее не выбранного пакета pigz.
(Чтение базы данных … на данный момент установлено 187734 файла и каталога.)
Подготовка к распаковке …/0-pigz_2.4-1_amd64.deb …
Распаковывается pigz (2.4-1) …
Выбор ранее не выбранного пакета bridge-utils.
Подготовка к распаковке …/1-bridge-utils_1.6-2ubuntu1_amd64.deb …
Распаковывается bridge-utils (1.6-2ubuntu1) …
Выбор ранее не выбранного пакета runc.
Подготовка к распаковке …/2-runc_1.0.0~rc95-0ubuntu1~20.04.2_amd64.deb …
Распаковывается runc (1.0.0~rc95-0ubuntu1~20.04.2) …
Выбор ранее не выбранного пакета containerd.
Подготовка к распаковке …/3-containerd_1.5.2-0ubuntu1~20.04.2_amd64.deb …
Распаковывается containerd (1.5.2-0ubuntu1~20.04.2) …
Выбор ранее не выбранного пакета docker.io.
Подготовка к распаковке …/4-docker.io_20.10.7-0ubuntu1~20.04.1_amd64.deb …
Распаковывается docker.io (20.10.7-0ubuntu1~20.04.1) …
Выбор ранее не выбранного пакета liberror-perl.
Подготовка к распаковке …/5-liberror-perl_0.17029-1_all.deb …
Распаковывается liberror-perl (0.17029-1) …
Выбор ранее не выбранного пакета git-man.
Подготовка к распаковке …/6-git-man_1%3a2.25.1-1ubuntu3.1_all.deb …
Распаковывается git-man (1:2.25.1-1ubuntu3.1) …
Выбор ранее не выбранного пакета git.
Подготовка к распаковке …/7-git_1%3a2.25.1-1ubuntu3.1_amd64.deb …
Распаковывается git (1:2.25.1-1ubuntu3.1) …
Выбор ранее не выбранного пакета ubuntu-fan.
Подготовка к распаковке …/8-ubuntu-fan_0.12.13_all.deb …
Распаковывается ubuntu-fan (0.12.13) …
Настраивается пакет runc (1.0.0~rc95-0ubuntu1~20.04.2) …
Настраивается пакет liberror-perl (0.17029-1) …
Настраивается пакет bridge-utils (1.6-2ubuntu1) …
Настраивается пакет pigz (2.4-1) …
Настраивается пакет git-man (1:2.25.1-1ubuntu3.1) …
Настраивается пакет containerd (1.5.2-0ubuntu1~20.04.2) …
Created symlink /etc/systemd/system/multi-user.target.wants/containerd.service 
→ /lib/systemd/system/containerd.service.
Настраивается пакет ubuntu-fan (0.12.13) …
Created symlink /etc/systemd/system/multi-user.target.wants/ubuntu-fan.service 
→ /lib/systemd/system/ubuntu-fan.service.
Настраивается пакет docker.io (20.10.7-0ubuntu1~20.04.1) …
Добавляется группа «docker» (GID 133) ...
Готово.
Created symlink /etc/systemd/system/multi-user.target.wants/docker.service → /l
ib/systemd/system/docker.service.
Created symlink /etc/systemd/system/sockets.target.wants/docker.socket → /lib/s
ystemd/system/docker.socket.
Настраивается пакет git (1:2.25.1-1ubuntu3.1) …
Обрабатываются триггеры для man-db (2.9.1-1) …
Обрабатываются триггеры для systemd (245.4-4ubuntu3.11) …

aleksey@aleksey-VirtualBox:~$ sudo docker images
REPOSITORY   TAG       IMAGE ID       CREATED       SIZE
ubuntu       latest    1318b700e415   2 weeks ago   72.8MB

aleksey@aleksey-VirtualBox:~$ sudo docker run ubuntu

aleksey@aleksey-VirtualBox:~$ sudo docker ps -a
CONTAINER ID   IMAGE     COMMAND   CREATED          STATUS                      PORTS     NAMES
7b083d1f6004   ubuntu    "bash"    34 seconds ago   Exited (0) 33 seconds ago             blissful_burnell
